✔ guarda el maestro con .bak previo, relectura comparada y limpieza de las 10 últimas (41.4257ms)
✔ bloquea el guardado cuando la marca de modificación cambió desde la carga (13.9077ms)
✔ agrega líneas al historial sin borrar ni reescribir las anteriores (9.0889ms)
✔ crea los 10 archivos de trabajo con estructura válida y vacíos de casos (9.1148ms)
✔ informa los archivos ausentes sin interrumpir la carga (1.6065ms)
✔ expide las versiones .bak más antiguas para conservar las 10 últimas (2.3877ms)
✔ rechaza una contraseña de menos de 8 caracteres sin consultar el padrón (103.0666ms)
✔ verifica correctamente la credencial y rechaza la incorrecta con mensaje genérico (68.9956ms)
✔ exige el cambio de contraseña a los 90 días o con clave_cambio_obligatorio = SI (85.8879ms)
✔ rechaza el cierre sin resolución y sin fecha de resolución (5.0267ms)
✔ aplica la matriz de permisos y el ámbito de cuadrilla (2.9135ms)
✔ genera la línea de historial y las líneas de un cambio de caso (5.9403ms)
✔ formatea y valida fechas en DD/MM/AAAA y compone los nombres de respaldo (2.0294ms)
✔ valida enums, teléfono, tipo calculado y estructuras iniciales (1.7708ms)
✔ el primer supervisor creado queda con rol Supervisor y credencial válida (7.8421ms)
✔ define la sesión de la jornada en 8 horas y el hash con sal de 64 hex (24.3719ms)
✔ D-61: el campo rol admite Operador y Supervisor, con Operador por defecto (13.0046ms)
✔ D-62: el primer supervisor del arranque en frío queda Supervisor y con cambio obligatorio (140.1816ms)
✔ D-63: clave_hash es el SHA-256 hexadecimal de clave_sal + ":" + contraseña en UTF-8 (23.2056ms)
✔ D-64: el log de accesos se nombra incidencias.log e incidencias.N.log (1..5) (1.3754ms)
✔ D-64: el plan de rotación se dispara por tamaño y desplaza las copias (2.247ms)
✔ D-64: almacen.rotarLogIncidencias desplaza el log y descarta incidencias.5.log (10.8207ms)
✔ D-64: por debajo del límite no se rota ni se borra ninguna copia (12.8383ms)
✔ D-64: el log conserva solo las 5 copias rotadas tras varias rotaciones (20.3421ms)
✔ parsea el CSV real: 56 registros y 80 columnas (30.8968ms)
✔ el contrato estructura.json declara 80 columnas y las necesarias (9.0982ms)
✔ valida el contrato posicional del archivo real (24.5952ms)
✔ aborta sin escribir si falta una columna (12.5296ms)
✔ aborta si una columna declarada cambió de nombre (26.1563ms)
✔ aborta si el archivo solo tiene el encabezado (4.9013ms)
✔ filtra por central: 51 de Francisco Salias y 5 descartadas (82.4429ms)
✔ clasifica: 17 con palabras clave y 34 sin ellas (49.6129ms)
✔ ingiere 51 casos: 18 PEND y 33 GESTION (ASGN entra como PEND) (17.4633ms)
✔ ninguna dirección tiene sector si no hay catálogo (cola de CU-09) (14.1137ms)
✔ la ingesta del día tarda menos de 3 s (S-RNF-02b) (69.2306ms)
✔ mapea el primer registro insertado campo a campo (23.9093ms)
✔ deduce el tipo de abonado (D-17) (0.486ms)
✔ recorta las fechas y conserva el original (D-21) (3.8571ms)
✔ la segunda ingesta del mismo archivo no inserta nada (16.6018ms)
✔ detecta duplicados dentro del mismo lote (18.7406ms)
✔ rechaza las filas con id_averia vacío (3.8067ms)
✔ busca palabras clave en modo normalizada y estricta (6.4415ms)
✔ clasifica respetando el estatus del CSV (13.5996ms)
✔ asigna sector por coincidencia de vías (33.9988ms)
✔ busca por id de avería exacto (13.6578ms)
✔ busca por teléfono y avisa si hay varios casos (0.7814ms)
✔ busca por teléfono con formato y sin encontrar (1.3698ms)
✔ genera el siguiente id MAN- libre (4.0439ms)
✔ la lista cerrada del alta manual tiene los 11 campos de D-18 (8.6036ms)
✔ valida un alta manual correcta y arma los 36 campos del maestro (7.0189ms)
✔ rechaza el alta manual si faltan obligatorios o hay valores inválidos (18.8418ms)
✔ no permite CERRADO sin resolución ni fecha (cierre bloqueante) (11.0495ms)
✔ cierra un caso con resolución y fecha válidas (0.9637ms)
✔ valida enums de estatus, resolución y sacas (0.9561ms)
✔ la bandeja solo contiene los casos en GESTION (1.0177ms)
✔ ordena la cola por antigüedad, sector y dirección (1.3096ms)
✔ resume la bandeja por sector, tipo y referidos (0.9155ms)
✔ reclasifica y pasa el caso a PEND (3.6352ms)
✔ la bandeja GESTION es del supervisor, no del operador (1.1851ms)
✔ el operador solo cierra los casos de su cuadrilla (0.8675ms)
✔ el operador puede ingerir y dar de alta, pero no tocar los padrones (11.4289ms)
✔ solo se despachan los casos abiertos (D-23) (4.5005ms)
✔ un caso es citado si su fecha_cita es la del despacho (D-30) (0.5656ms)
✔ solo se usan cuadrillas activas (3.3177ms)
✔ reparte todos los casos abiertos entre las cuadrillas activas (4.1802ms)
✔ cada cuadrilla recibe los citados y al menos 1 referido y 1 empresa (RN-05) (1.3912ms)
✔ la construcción de cada sector va a UNA sola cuadrilla (RN-06) (1.6001ms)
✔ desempata por zona preferente, luego carga y luego id (D-32) (6.2987ms)
✔ sin cuadrillas activas avisa y no asigna nada (0.7235ms)
✔ aplica el reparto al maestro con cuadrilla y fecha de asignación (3.4045ms)
✔ aplicar el reparto dos veces no vuelve a escribir ni a generar historial (3.1102ms)
✔ proyecta despacho.json con las 15 columnas de D-31 (29.6349ms)
✔ las columnas del despacho son las 15 canónicas (RF-20, CU-17) (0.8738ms)
✔ genera un PDF válido en carta horizontal (65.1758ms)
✔ pagina cuando hay más casos de los que caben en una hoja (201.7644ms)
✔ una cuadrilla sin casos produce una hoja con el aviso (4.6515ms)
✔ nombre del archivo y registro de entrega (RNF-11, D-27) (0.9986ms)
✔ la librería jsPDF está fijada localmente (RT-07) (10.4464ms)
✔ la ruta controlada es C:\GGTO\despachos y el nombre del PDF es el acordado (8.6632ms)
✔ guarda el PDF en C:\GGTO\despachos y lo verifica releyéndolo (92.5183ms)
✔ sin la ruta controlada autorizada no se escribe nada (tipo sinDespachos) (4.6295ms)
✔ si la relectura no coincide, la escritura se marca como no verificada (7.1007ms)
✔ lista solo los PDF de la ruta controlada, con su tamaño (13.9447ms)
✔ generar guarda en la ruta controlada, registra la ruta y NO descarga (D-27) (86.702ms)
✔ una reemisión del mismo día conserva la versión anterior (CU-17, 6a) (227.007ms)
✔ sin ruta controlada autorizada, la página descarga y lo advierte (54.2558ms)
✔ el control documental arranca con todas las cuadrillas pendientes de entrega (6.9854ms)
✔ la secuencia entrega → recogida → destrucción cierra el día (CA-4, CA-5, CA-5b) (2.0513ms)
✔ las transiciones no mutan el estado anterior (el bloque puede repintarse) (0.5542ms)
✔ una hoja no entregada se puede justificar y así el día cierra (flujo 7a) (0.8224ms)
✔ destruir sin haber entregado no da el día por cerrado (orden de los asientos) (0.5562ms)
✔ normaliza fechas y descarta las inválidas (6.2894ms)
✔ la semana operativa va de lunes a sábado (RN-08) (3.451ms)
✔ el resumen cubre las 36 semanas del año (25.7496ms)
✔ gestiona el día: ingresos y resueltos por tipo (0.83ms)
✔ casos globales: pendientes contra resueltos (0.999ms)
✔ pendientes de reparación por tipo, sin contar construcción ni cerrados (0.5724ms)
✔ pendientes de construcción por tipo (0.7096ms)
✔ cuadrillas del día: asignados, cerrados y gestionados (1.9625ms)
✔ la serie de la semana da ingresos, reparadas y pendiente al cierre por día (1.5118ms)
✔ una semana sin datos queda a cero (3.7638ms)
✔ el tablero reúne las seis zonas (3.8169ms)
✔ las seis zonas se configuran con su tipo de gráfico (2.2533ms)
✔ el gráfico diario y el de globales usan los números de las tablas (0.9473ms)
✔ el gráfico semanal combina barras con la línea de pendientes (D-34) (0.8046ms)
✔ la librería Chart.js está fijada localmente (RT-07) (2.37ms)
✔ los casos especiales son los EMP o REF que siguen abiertos (7.5196ms)
✔ resume los casos especiales por motivo, sector y cuadrilla (1.8349ms)
✔ los casos sin sector se agrupan en la cola de CU-09 (7.178ms)
✔ cuenta los casos abiertos de la semana por sector (19.4319ms)
✔ marca como concentrado el sector que alcanza el umbral (1.0626ms)
✔ el umbral es configurable (D-25) (0.9013ms)
✔ las direcciones sin sector se vigilan aparte (0.633ms)
✔ el parte del día reúne gestión, pendientes y especiales (1.1871ms)
✔ cuenta los cambios del historial posteriores a la última emisión (10.1823ms)
✔ validarCopia rechaza JSON inválido, listas no válidas y copias vacías (5.8845ms)
✔ resumenRestauracion cuenta el impacto y exige confirmación cuando la copia pierde casos (1.866ms)
✔ las copias de cierre se reconocen por su nombre fechado con hora (D-49) (17.5484ms)
✔ crea la copia de cierre de los 10 archivos, verificada por relectura y sin cifrar (32.9387ms)
✔ informa el fallo cuando un archivo de origen no está disponible (5.1135ms)
✔ marca el respaldo como fallido si la copia releída no coincide con el original (3.1953ms)
✔ exige la carpeta de respaldo autorizada antes de copiar (5.7834ms)
✔ dos copias del mismo día no se sobrescriben y se listan de la más nueva a la más antigua (20.1038ms)
✔ sin copias informa «Sin respaldos registrados» (flujo 1a) (1.4629ms)
✔ restaura el maestro desde una copia fechada y respalda el estado anterior (CA-2, CA-7) (5.5614ms)
✔ no reemplaza nada cuando la copia es inválida (flujo 6a) (2.1535ms)
✔ detecta el conflicto de concurrencia y no escribe sin decisión explícita (flujo 8b, D-41) (21.6317ms)
✔ la cabecera del CSV real tiene las 80 columnas que declara estructura.json (18.4707ms)
✔ cada campo declarado apunta a una columna existente y los obligatorios se cumplen (8.6221ms)
✔ una fila sin dirección entra igualmente y queda en la cola de sectores (CU-08, CU-09) (72.5167ms)
✔ la ingesta del CSV real produce casos con los campos del maestro informados (28.4504ms)
✔ la proyección de despacho escribe las 15 columnas canónicas en su orden (6.4159ms)
✔ la hoja del despacho muestra todas las columnas canónicas (CU-17 CA-2) (0.9322ms)
✔ la tabla del despacho cabe en el área imprimible de la hoja (RNF-05) (1.0549ms)
✔ los archivos de trabajo son los 10 documentados y la copia de cierre los incluye (11.1465ms)
✔ cada línea del historial lleva los 7 campos documentados (D-56) (1.6869ms)
✔ detecta el navegador y si soporta la escritura directa de los JSON (5.2289ms)
✔ verifica que la página se sirva en http sobre host local (2.4841ms)
✔ resume el registro: total, líneas del día e incidencias del día (6.9848ms)
✔ el detalle de incidencias se limita a las 10 últimas (1.0455ms)
✔ informa la última escritura confirmada de la sesión (5.0073ms)
✔ el almacén lee el log de la aplicación y tolera que no exista (13.7961ms)
ℹ tests 142
ℹ suites 0
ℹ pass 142
ℹ fail 0
ℹ cancelled 0
ℹ skipped 0
ℹ todo 0
ℹ duration_ms 1750.3805
